2025-05-24 11:44:31,881 - __main__ - INFO - Starting Mamba-based binary video segmentation training
2025-05-24 11:44:31,882 - __main__ - INFO - Using configuration from: configs/debug_binary.yaml
2025-05-24 11:44:31,887 - __main__ - INFO - Set random seed to 42
2025-05-24 11:44:32,117 - __main__ - INFO - Using device: cuda
2025-05-24 11:44:32,117 - __main__ - INFO - Building Mamba-based binary segmentation model...
2025-05-24 11:44:32,949 - __main__ - INFO - Model has 472,869 trainable parameters
2025-05-24 11:44:32,970 - __main__ - INFO - Creating data loaders...
2025-05-24 11:44:33,564 - __main__ - INFO - Created dataloaders - Train: 2094 batches, Val: 995 batches
2025-05-24 11:44:33,564 - __main__ - INFO - Creating optimizer: AdamW
2025-05-24 11:44:33,565 - __main__ - INFO - Created CosineAnnealingLR scheduler with 5 epochs of warmup
2025-05-24 11:44:33,593 - __main__ - INFO - Starting training loop...
2025-05-24 11:44:33,593 - utils.training - INFO - Starting training from epoch 0
2025-05-24 11:44:33,593 - utils.training - INFO - Results will be saved to: checkpoints/debug_binary/results
2025-05-24 11:44:33,963 - utils.training - INFO - Batch 0: Raw fg ratio: 0.9541, Adaptive fg ratio: 0.3453
2025-05-24 11:44:33,963 - utils.training - INFO - Batch 0: GT fg ratio: 0.1428
2025-05-24 11:44:33,964 - utils.training - INFO - Foreground ratio looks good! Pred/GT ratio: 2.42x
2025-05-24 11:44:33,997 - utils.training - INFO - Total gradient norm: 8.0196
2025-05-24 11:44:33,997 - utils.training - INFO - Gradient norm for temporal_smooth.weight: 7.2030
2025-05-24 11:44:33,997 - utils.training - INFO - Gradient norm for seg_head.1.bias: 2.2999
2025-05-24 11:44:33,998 - utils.training - INFO - Gradient norm for seg_head.1.weight: 1.8102
2025-05-24 11:44:33,998 - utils.training - INFO - Gradient norm for seg_head.3.weight: 1.4856
2025-05-24 11:44:33,998 - utils.training - INFO - Gradient norm for temporal_smooth.bias: 0.9636
2025-05-24 11:44:34,404 - utils.training - INFO - Total gradient norm: 0.0000
2025-05-24 11:44:34,707 - utils.training - INFO - Total gradient norm: 0.0000
2025-05-24 11:44:34,981 - utils.training - INFO - Total gradient norm: 0.0000
2025-05-24 11:44:35,247 - utils.training - INFO - Total gradient norm: 0.0000
2025-05-24 11:44:35,547 - utils.training - INFO - Batch 50: Raw fg ratio: 0.9456, Adaptive fg ratio: 0.3366
2025-05-24 11:44:35,548 - utils.training - INFO - Batch 50: GT fg ratio: 0.1414
2025-05-24 11:44:35,548 - utils.training - INFO - Foreground ratio looks good! Pred/GT ratio: 2.38x
2025-05-24 11:44:35,548 - utils.training - INFO - Total gradient norm: 0.0000
2025-05-24 11:44:35,799 - utils.training - INFO - Total gradient norm: 0.0000
2025-05-24 11:44:36,061 - utils.training - INFO - Total gradient norm: 0.0000
2025-05-24 11:44:36,379 - utils.training - INFO - Total gradient norm: 0.0000
2025-05-24 11:44:36,696 - utils.training - INFO - Total gradient norm: 0.0000
2025-05-24 11:44:36,962 - utils.training - INFO - Batch 100: Raw fg ratio: 0.9474, Adaptive fg ratio: 0.3695
2025-05-24 11:44:36,963 - utils.training - INFO - Batch 100: GT fg ratio: 0.1656
2025-05-24 11:44:36,963 - utils.training - INFO - Foreground ratio looks good! Pred/GT ratio: 2.23x
2025-05-24 11:44:36,963 - utils.training - INFO - Total gradient norm: 0.0000
2025-05-24 11:44:37,226 - utils.training - INFO - Total gradient norm: 0.0000
2025-05-24 11:44:37,511 - utils.training - INFO - Total gradient norm: 0.0000
2025-05-24 11:44:37,775 - utils.training - INFO - Total gradient norm: 0.0000
2025-05-24 11:44:38,086 - utils.training - INFO - Total gradient norm: 0.0000
2025-05-24 11:44:38,375 - utils.training - INFO - Batch 150: Raw fg ratio: 0.9116, Adaptive fg ratio: 0.1849
2025-05-24 11:44:38,375 - utils.training - INFO - Batch 150: GT fg ratio: 0.0266
2025-05-24 11:44:38,375 - utils.training - WARNING - Still predicting too much foreground! Ratio: 6.94x
2025-05-24 11:44:38,376 - utils.training - INFO - Total gradient norm: 0.0000
2025-05-24 11:44:38,637 - utils.training - INFO - Total gradient norm: 0.0000
2025-05-24 11:44:38,912 - utils.training - INFO - Total gradient norm: 0.0000
2025-05-24 11:44:39,170 - utils.training - INFO - Total gradient norm: 0.0000
2025-05-24 11:44:39,450 - utils.training - INFO - Total gradient norm: 0.0000
2025-05-24 11:44:39,706 - utils.training - INFO - Batch 200: Raw fg ratio: 0.7850, Adaptive fg ratio: 0.2215
2025-05-24 11:44:39,706 - utils.training - INFO - Batch 200: GT fg ratio: 0.1049
2025-05-24 11:44:39,706 - utils.training - INFO - Foreground ratio looks good! Pred/GT ratio: 2.11x
2025-05-24 11:44:39,707 - utils.training - INFO - Total gradient norm: 0.0000
2025-05-24 11:44:40,006 - utils.training - INFO - Total gradient norm: 0.0000
2025-05-24 11:44:40,271 - utils.training - INFO - Total gradient norm: 0.0000
2025-05-24 11:44:40,588 - utils.training - INFO - Total gradient norm: 0.0000
2025-05-24 11:44:40,873 - utils.training - INFO - Total gradient norm: 0.0000
2025-05-24 11:44:41,132 - utils.training - INFO - Batch 250: Raw fg ratio: 0.9492, Adaptive fg ratio: 0.3995
2025-05-24 11:44:41,132 - utils.training - INFO - Batch 250: GT fg ratio: 0.0435
2025-05-24 11:44:41,132 - utils.training - WARNING - Still predicting too much foreground! Ratio: 9.19x
2025-05-24 11:44:41,133 - utils.training - INFO - Total gradient norm: 0.0000
2025-05-24 11:44:41,443 - utils.training - INFO - Total gradient norm: 0.0000
2025-05-24 11:44:41,700 - utils.training - INFO - Total gradient norm: 0.0000
2025-05-24 11:44:42,031 - utils.training - INFO - Total gradient norm: 0.0000
2025-05-24 11:44:42,315 - utils.training - INFO - Total gradient norm: 0.0000
2025-05-24 11:44:42,618 - utils.training - INFO - Batch 300: Raw fg ratio: 0.9404, Adaptive fg ratio: 0.3845
2025-05-24 11:44:42,619 - utils.training - INFO - Batch 300: GT fg ratio: 0.0026
2025-05-24 11:44:42,619 - utils.training - WARNING - Still predicting too much foreground! Ratio: 149.14x
2025-05-24 11:44:42,619 - utils.training - INFO - Total gradient norm: 0.0000
2025-05-24 11:44:42,915 - utils.training - INFO - Total gradient norm: 0.0000
2025-05-24 11:44:43,200 - utils.training - INFO - Total gradient norm: 0.0000
2025-05-24 11:44:43,472 - utils.training - INFO - Total gradient norm: 0.0000
2025-05-24 11:44:43,756 - utils.training - INFO - Total gradient norm: 0.0000
2025-05-24 11:44:44,032 - utils.training - INFO - Batch 350: Raw fg ratio: 0.9459, Adaptive fg ratio: 0.3418
2025-05-24 11:44:44,032 - utils.training - INFO - Batch 350: GT fg ratio: 0.1743
2025-05-24 11:44:44,033 - utils.training - INFO - Foreground ratio looks good! Pred/GT ratio: 1.96x
2025-05-24 11:44:44,033 - utils.training - INFO - Total gradient norm: 0.0000
2025-05-24 11:44:44,331 - utils.training - INFO - Total gradient norm: 0.0000
2025-05-24 11:44:44,617 - utils.training - INFO - Total gradient norm: 0.0000
2025-05-24 11:44:44,927 - utils.training - INFO - Total gradient norm: 0.0000
2025-05-24 11:44:45,205 - utils.training - INFO - Total gradient norm: 0.0000
2025-05-24 11:44:45,549 - utils.training - INFO - Batch 400: Raw fg ratio: 0.9220, Adaptive fg ratio: 0.2935
2025-05-24 11:44:45,549 - utils.training - INFO - Batch 400: GT fg ratio: 0.0698
2025-05-24 11:44:45,550 - utils.training - WARNING - Still predicting too much foreground! Ratio: 4.21x
2025-05-24 11:44:45,550 - utils.training - INFO - Total gradient norm: 0.0000
2025-05-24 11:44:45,830 - utils.training - INFO - Total gradient norm: 0.0000
2025-05-24 11:44:46,087 - utils.training - INFO - Total gradient norm: 0.0000
2025-05-24 11:44:46,361 - utils.training - INFO - Total gradient norm: 0.0000
2025-05-24 11:44:46,645 - utils.training - INFO - Total gradient norm: 0.0000
2025-05-24 11:44:46,918 - utils.training - INFO - Batch 450: Raw fg ratio: 0.7927, Adaptive fg ratio: 0.1200
2025-05-24 11:44:46,919 - utils.training - INFO - Batch 450: GT fg ratio: 0.1378
2025-05-24 11:44:46,919 - utils.training - INFO - Foreground ratio looks good! Pred/GT ratio: 0.87x
2025-05-24 11:44:46,919 - utils.training - INFO - Total gradient norm: 0.0000
2025-05-24 11:44:47,201 - utils.training - INFO - Total gradient norm: 0.0000
2025-05-24 11:44:47,474 - utils.training - INFO - Total gradient norm: 0.0000
2025-05-24 11:44:47,742 - utils.training - INFO - Total gradient norm: 0.0000
2025-05-24 11:44:48,028 - utils.training - INFO - Total gradient norm: 0.0000
2025-05-24 11:44:48,298 - utils.training - INFO - Batch 500: Raw fg ratio: 0.9448, Adaptive fg ratio: 0.3404
2025-05-24 11:44:48,298 - utils.training - INFO - Batch 500: GT fg ratio: 0.0695
2025-05-24 11:44:48,299 - utils.training - WARNING - Still predicting too much foreground! Ratio: 4.90x
2025-05-24 11:44:48,299 - utils.training - INFO - Total gradient norm: 0.0000
2025-05-24 11:44:48,612 - utils.training - INFO - Total gradient norm: 0.0000
2025-05-24 11:44:48,884 - utils.training - INFO - Total gradient norm: 0.0000
2025-05-24 11:44:49,161 - utils.training - INFO - Total gradient norm: 0.0000
2025-05-24 11:44:49,455 - utils.training - INFO - Total gradient norm: 0.0000
2025-05-24 11:44:49,736 - utils.training - INFO - Batch 550: Raw fg ratio: 0.9477, Adaptive fg ratio: 0.3316
2025-05-24 11:44:49,737 - utils.training - INFO - Batch 550: GT fg ratio: 0.0589
2025-05-24 11:44:49,737 - utils.training - WARNING - Still predicting too much foreground! Ratio: 5.63x
2025-05-24 11:44:49,737 - utils.training - INFO - Total gradient norm: 0.0000
2025-05-24 11:44:50,014 - utils.training - INFO - Total gradient norm: 0.0000
2025-05-24 11:44:50,279 - utils.training - INFO - Total gradient norm: 0.0000
2025-05-24 11:44:50,597 - utils.training - INFO - Total gradient norm: 0.0000
2025-05-24 11:44:50,913 - utils.training - INFO - Total gradient norm: 0.0000
2025-05-24 11:44:51,249 - utils.training - INFO - Batch 600: Raw fg ratio: 0.8912, Adaptive fg ratio: 0.3057
2025-05-24 11:44:51,250 - utils.training - INFO - Batch 600: GT fg ratio: 0.1284
2025-05-24 11:44:51,250 - utils.training - INFO - Foreground ratio looks good! Pred/GT ratio: 2.38x
2025-05-24 11:44:51,250 - utils.training - INFO - Total gradient norm: 0.0000
2025-05-24 11:44:51,534 - utils.training - INFO - Total gradient norm: 0.0000
2025-05-24 11:44:51,807 - utils.training - INFO - Total gradient norm: 0.0000
2025-05-24 11:44:52,074 - utils.training - INFO - Total gradient norm: 0.0000
2025-05-24 11:44:52,357 - utils.training - INFO - Total gradient norm: 0.0000
2025-05-24 11:44:52,666 - utils.training - INFO - Batch 650: Raw fg ratio: 0.9570, Adaptive fg ratio: 0.3079
2025-05-24 11:44:52,667 - utils.training - INFO - Batch 650: GT fg ratio: 0.0225
2025-05-24 11:44:52,667 - utils.training - WARNING - Still predicting too much foreground! Ratio: 13.68x
2025-05-24 11:44:52,667 - utils.training - INFO - Total gradient norm: 0.0000
2025-05-24 11:44:52,977 - utils.training - INFO - Total gradient norm: 0.0000
2025-05-24 11:44:53,242 - utils.training - INFO - Total gradient norm: 0.0000
2025-05-24 11:44:53,507 - utils.training - INFO - Total gradient norm: 0.0000
2025-05-24 11:44:53,813 - utils.training - INFO - Total gradient norm: 0.0000
2025-05-24 11:44:54,083 - utils.training - INFO - Batch 700: Raw fg ratio: 0.9370, Adaptive fg ratio: 0.2910
2025-05-24 11:44:54,084 - utils.training - INFO - Batch 700: GT fg ratio: 0.2753
2025-05-24 11:44:54,084 - utils.training - INFO - Foreground ratio looks good! Pred/GT ratio: 1.06x
2025-05-24 11:44:54,084 - utils.training - INFO - Total gradient norm: 0.0000
2025-05-24 11:44:54,380 - utils.training - INFO - Total gradient norm: 0.0000
2025-05-24 11:44:54,699 - utils.training - INFO - Total gradient norm: 0.0000
2025-05-24 11:44:54,999 - utils.training - INFO - Total gradient norm: 0.0000
2025-05-24 11:44:55,298 - utils.training - INFO - Total gradient norm: 0.0000
2025-05-24 11:44:55,574 - utils.training - INFO - Batch 750: Raw fg ratio: 0.9345, Adaptive fg ratio: 0.2112
2025-05-24 11:44:55,575 - utils.training - INFO - Batch 750: GT fg ratio: 0.5207
2025-05-24 11:44:55,575 - utils.training - WARNING - Predicting too little foreground! Ratio: 0.41x
2025-05-24 11:44:55,575 - utils.training - INFO - Total gradient norm: 0.0000
2025-05-24 11:44:55,841 - utils.training - INFO - Total gradient norm: 0.0000
2025-05-24 11:44:56,126 - utils.training - INFO - Total gradient norm: 0.0000
2025-05-24 11:44:56,418 - utils.training - INFO - Total gradient norm: 0.0000
2025-05-24 11:44:56,722 - utils.training - INFO - Total gradient norm: 0.0000
2025-05-24 11:44:56,987 - utils.training - INFO - Batch 800: Raw fg ratio: 0.9503, Adaptive fg ratio: 0.3522
2025-05-24 11:44:56,987 - utils.training - INFO - Batch 800: GT fg ratio: 0.1614
2025-05-24 11:44:56,987 - utils.training - INFO - Foreground ratio looks good! Pred/GT ratio: 2.18x
2025-05-24 11:44:56,988 - utils.training - INFO - Total gradient norm: 0.0000
2025-05-24 11:44:57,281 - utils.training - INFO - Total gradient norm: 0.0000
2025-05-24 11:44:57,623 - utils.training - INFO - Total gradient norm: 0.0000
2025-05-24 11:44:57,920 - utils.training - INFO - Total gradient norm: 0.0000
2025-05-24 11:44:58,216 - utils.training - INFO - Total gradient norm: 0.0000
2025-05-24 11:44:58,534 - utils.training - INFO - Batch 850: Raw fg ratio: 0.9475, Adaptive fg ratio: 0.2612
2025-05-24 11:44:58,535 - utils.training - INFO - Batch 850: GT fg ratio: 0.6253
2025-05-24 11:44:58,535 - utils.training - WARNING - Predicting too little foreground! Ratio: 0.42x
2025-05-24 11:44:58,535 - utils.training - INFO - Total gradient norm: 0.0000
2025-05-24 11:44:58,847 - utils.training - INFO - Total gradient norm: 0.0000
2025-05-24 11:44:59,111 - utils.training - INFO - Total gradient norm: 0.0000
2025-05-24 11:44:59,378 - utils.training - INFO - Total gradient norm: 0.0000
2025-05-24 11:44:59,672 - utils.training - INFO - Total gradient norm: 0.0000
2025-05-24 11:44:59,930 - utils.training - INFO - Batch 900: Raw fg ratio: 0.9511, Adaptive fg ratio: 0.1954
2025-05-24 11:44:59,930 - utils.training - INFO - Batch 900: GT fg ratio: 0.7491
2025-05-24 11:44:59,931 - utils.training - WARNING - Predicting too little foreground! Ratio: 0.26x
2025-05-24 11:44:59,931 - utils.training - INFO - Total gradient norm: 0.0000
2025-05-24 11:45:00,242 - utils.training - INFO - Total gradient norm: 0.0000
2025-05-24 11:45:00,524 - utils.training - INFO - Total gradient norm: 0.0000
2025-05-24 11:45:00,772 - utils.training - INFO - Total gradient norm: 0.0000
2025-05-24 11:45:01,071 - utils.training - INFO - Total gradient norm: 0.0000
2025-05-24 11:45:01,360 - utils.training - INFO - Batch 950: Raw fg ratio: 0.9636, Adaptive fg ratio: 0.3807
2025-05-24 11:45:01,361 - utils.training - INFO - Batch 950: GT fg ratio: 0.0541
2025-05-24 11:45:01,361 - utils.training - WARNING - Still predicting too much foreground! Ratio: 7.04x
2025-05-24 11:45:01,361 - utils.training - INFO - Total gradient norm: 0.0000
2025-05-24 11:45:01,651 - utils.training - INFO - Total gradient norm: 0.0000
2025-05-24 11:45:01,936 - utils.training - INFO - Total gradient norm: 0.0000
2025-05-24 11:45:02,211 - utils.training - INFO - Total gradient norm: 0.0000
2025-05-24 11:45:02,511 - utils.training - INFO - Total gradient norm: 0.0000
2025-05-24 11:45:02,769 - utils.training - INFO - Batch 1000: Raw fg ratio: 0.9101, Adaptive fg ratio: 0.2106
2025-05-24 11:45:02,769 - utils.training - INFO - Batch 1000: GT fg ratio: 0.1527
2025-05-24 11:45:02,770 - utils.training - INFO - Foreground ratio looks good! Pred/GT ratio: 1.38x
2025-05-24 11:45:02,770 - utils.training - INFO - Total gradient norm: 0.0000
2025-05-24 11:45:03,060 - utils.training - INFO - Total gradient norm: 0.0000
2025-05-24 11:45:03,332 - utils.training - INFO - Total gradient norm: 0.0000
2025-05-24 11:45:03,643 - utils.training - INFO - Total gradient norm: 0.0000
2025-05-24 11:45:03,910 - utils.training - INFO - Total gradient norm: 0.0000
2025-05-24 11:45:04,177 - utils.training - INFO - Batch 1050: Raw fg ratio: 0.9387, Adaptive fg ratio: 0.1547
2025-05-24 11:45:04,177 - utils.training - INFO - Batch 1050: GT fg ratio: 0.0264
2025-05-24 11:45:04,177 - utils.training - WARNING - Still predicting too much foreground! Ratio: 5.85x
2025-05-24 11:45:04,178 - utils.training - INFO - Total gradient norm: 0.0000
2025-05-24 11:45:04,490 - utils.training - INFO - Total gradient norm: 0.0000
2025-05-24 11:45:04,778 - utils.training - INFO - Total gradient norm: 0.0000
2025-05-24 11:45:05,035 - utils.training - INFO - Total gradient norm: 0.0000
2025-05-24 11:45:05,333 - utils.training - INFO - Total gradient norm: 0.0000
2025-05-24 11:45:05,613 - utils.training - INFO - Batch 1100: Raw fg ratio: 0.9462, Adaptive fg ratio: 0.3579
2025-05-24 11:45:05,614 - utils.training - INFO - Batch 1100: GT fg ratio: 0.0660
2025-05-24 11:45:05,614 - utils.training - WARNING - Still predicting too much foreground! Ratio: 5.42x
2025-05-24 11:45:05,614 - utils.training - INFO - Total gradient norm: 0.0000
2025-05-24 11:45:05,890 - utils.training - INFO - Total gradient norm: 0.0000
2025-05-24 11:45:06,169 - utils.training - INFO - Total gradient norm: 0.0000
2025-05-24 11:45:06,437 - utils.training - INFO - Total gradient norm: 0.0000
2025-05-24 11:45:06,704 - utils.training - INFO - Total gradient norm: 0.0000
2025-05-24 11:45:06,983 - utils.training - INFO - Batch 1150: Raw fg ratio: 0.9749, Adaptive fg ratio: 0.3755
2025-05-24 11:45:06,983 - utils.training - INFO - Batch 1150: GT fg ratio: 0.0399
2025-05-24 11:45:06,984 - utils.training - WARNING - Still predicting too much foreground! Ratio: 9.41x
2025-05-24 11:45:06,984 - utils.training - INFO - Total gradient norm: 0.0000
2025-05-24 11:45:07,305 - utils.training - INFO - Total gradient norm: 0.0000
2025-05-24 11:45:07,574 - utils.training - INFO - Total gradient norm: 0.0000
2025-05-24 11:45:07,934 - utils.training - INFO - Total gradient norm: 0.0000
2025-05-24 11:45:08,208 - utils.training - INFO - Total gradient norm: 0.0000
2025-05-24 11:45:08,497 - utils.training - INFO - Batch 1200: Raw fg ratio: 0.8209, Adaptive fg ratio: 0.2009
2025-05-24 11:45:08,497 - utils.training - INFO - Batch 1200: GT fg ratio: 0.1007
2025-05-24 11:45:08,497 - utils.training - INFO - Foreground ratio looks good! Pred/GT ratio: 2.00x
2025-05-24 11:45:08,498 - utils.training - INFO - Total gradient norm: 0.0000
2025-05-24 11:45:08,810 - utils.training - INFO - Total gradient norm: 0.0000
2025-05-24 11:45:09,101 - utils.training - INFO - Total gradient norm: 0.0000
2025-05-24 11:45:09,416 - utils.training - INFO - Total gradient norm: 0.0000
2025-05-24 11:45:09,721 - utils.training - INFO - Total gradient norm: 0.0000
2025-05-24 11:45:10,023 - utils.training - INFO - Batch 1250: Raw fg ratio: 0.8532, Adaptive fg ratio: 0.1507
2025-05-24 11:45:10,024 - utils.training - INFO - Batch 1250: GT fg ratio: 0.0133
2025-05-24 11:45:10,024 - utils.training - WARNING - Still predicting too much foreground! Ratio: 11.35x
2025-05-24 11:45:10,024 - utils.training - INFO - Total gradient norm: 0.0000
2025-05-24 11:45:10,353 - utils.training - INFO - Total gradient norm: 0.0000
2025-05-24 11:45:10,649 - utils.training - INFO - Total gradient norm: 0.0000
2025-05-24 11:45:10,936 - utils.training - INFO - Total gradient norm: 0.0000
2025-05-24 11:45:11,220 - utils.training - INFO - Total gradient norm: 0.0000
2025-05-24 11:45:11,560 - utils.training - INFO - Batch 1300: Raw fg ratio: 0.8909, Adaptive fg ratio: 0.1429
2025-05-24 11:45:11,561 - utils.training - INFO - Batch 1300: GT fg ratio: 0.0211
2025-05-24 11:45:11,561 - utils.training - WARNING - Still predicting too much foreground! Ratio: 6.77x
2025-05-24 11:45:11,561 - utils.training - INFO - Total gradient norm: 0.0000
2025-05-24 11:45:11,876 - utils.training - INFO - Total gradient norm: 0.0000
2025-05-24 11:45:12,180 - utils.training - INFO - Total gradient norm: 0.0000
2025-05-24 11:45:12,455 - utils.training - INFO - Total gradient norm: 0.0000
2025-05-24 11:45:12,798 - utils.training - INFO - Total gradient norm: 0.0000
2025-05-24 11:45:13,120 - utils.training - INFO - Batch 1350: Raw fg ratio: 0.9593, Adaptive fg ratio: 0.3470
2025-05-24 11:45:13,121 - utils.training - INFO - Batch 1350: GT fg ratio: 0.0774
2025-05-24 11:45:13,121 - utils.training - WARNING - Still predicting too much foreground! Ratio: 4.48x
2025-05-24 11:45:13,121 - utils.training - INFO - Total gradient norm: 0.0000
2025-05-24 11:45:13,403 - utils.training - INFO - Total gradient norm: 0.0000
2025-05-24 11:45:13,737 - utils.training - INFO - Total gradient norm: 0.0000
2025-05-24 11:45:13,999 - utils.training - INFO - Total gradient norm: 0.0000
2025-05-24 11:45:14,264 - utils.training - INFO - Total gradient norm: 0.0000
2025-05-24 11:45:14,535 - utils.training - INFO - Batch 1400: Raw fg ratio: 0.9461, Adaptive fg ratio: 0.2478
2025-05-24 11:45:14,536 - utils.training - INFO - Batch 1400: GT fg ratio: 0.1739
2025-05-24 11:45:14,536 - utils.training - INFO - Foreground ratio looks good! Pred/GT ratio: 1.42x
2025-05-24 11:45:14,536 - utils.training - INFO - Total gradient norm: 0.0000
2025-05-24 11:45:14,825 - utils.training - INFO - Total gradient norm: 0.0000
2025-05-24 11:45:15,136 - utils.training - INFO - Total gradient norm: 0.0000
2025-05-24 11:45:15,454 - utils.training - INFO - Total gradient norm: 0.0000
2025-05-24 11:45:15,724 - utils.training - INFO - Total gradient norm: 0.0000
2025-05-24 11:45:15,999 - utils.training - INFO - Batch 1450: Raw fg ratio: 0.9628, Adaptive fg ratio: 0.3548
2025-05-24 11:45:15,999 - utils.training - INFO - Batch 1450: GT fg ratio: 0.4536
2025-05-24 11:45:16,000 - utils.training - INFO - Foreground ratio looks good! Pred/GT ratio: 0.78x
2025-05-24 11:45:16,000 - utils.training - INFO - Total gradient norm: 0.0000
2025-05-24 11:45:16,286 - utils.training - INFO - Total gradient norm: 0.0000
2025-05-24 11:45:16,620 - utils.training - INFO - Total gradient norm: 0.0000
2025-05-24 11:45:16,934 - utils.training - INFO - Total gradient norm: 0.0000
2025-05-24 11:45:17,224 - utils.training - INFO - Total gradient norm: 0.0000
2025-05-24 11:45:17,514 - utils.training - INFO - Batch 1500: Raw fg ratio: 0.9623, Adaptive fg ratio: 0.3491
2025-05-24 11:45:17,514 - utils.training - INFO - Batch 1500: GT fg ratio: 0.0539
2025-05-24 11:45:17,514 - utils.training - WARNING - Still predicting too much foreground! Ratio: 6.48x
2025-05-24 11:45:17,515 - utils.training - INFO - Total gradient norm: 0.0000
2025-05-24 11:45:17,818 - utils.training - INFO - Total gradient norm: 0.0000
2025-05-24 11:45:18,104 - utils.training - INFO - Total gradient norm: 0.0000
2025-05-24 11:45:18,414 - utils.training - INFO - Total gradient norm: 0.0000
2025-05-24 11:45:18,701 - utils.training - INFO - Total gradient norm: 0.0000
2025-05-24 11:45:18,983 - utils.training - INFO - Batch 1550: Raw fg ratio: 0.9544, Adaptive fg ratio: 0.2985
2025-05-24 11:45:18,984 - utils.training - INFO - Batch 1550: GT fg ratio: 0.0564
2025-05-24 11:45:18,984 - utils.training - WARNING - Still predicting too much foreground! Ratio: 5.30x
2025-05-24 11:45:18,984 - utils.training - INFO - Total gradient norm: 0.0000
2025-05-24 11:45:19,282 - utils.training - INFO - Total gradient norm: 0.0000
2025-05-24 11:45:19,551 - utils.training - INFO - Total gradient norm: 0.0000
2025-05-24 11:45:19,811 - utils.training - INFO - Total gradient norm: 0.0000
2025-05-24 11:45:20,049 - utils.training - INFO - Total gradient norm: 0.0000
2025-05-24 11:45:20,311 - utils.training - INFO - Batch 1600: Raw fg ratio: 0.9451, Adaptive fg ratio: 0.3031
2025-05-24 11:45:20,312 - utils.training - INFO - Batch 1600: GT fg ratio: 0.0542
2025-05-24 11:45:20,312 - utils.training - WARNING - Still predicting too much foreground! Ratio: 5.59x
2025-05-24 11:45:20,312 - utils.training - INFO - Total gradient norm: 0.0000
2025-05-24 11:45:20,592 - utils.training - INFO - Total gradient norm: 0.0000
2025-05-24 11:45:20,879 - utils.training - INFO - Total gradient norm: 0.0000
2025-05-24 11:45:21,152 - utils.training - INFO - Total gradient norm: 0.0000
2025-05-24 11:45:21,444 - utils.training - INFO - Total gradient norm: 0.0000
2025-05-24 11:45:21,706 - utils.training - INFO - Batch 1650: Raw fg ratio: 0.9637, Adaptive fg ratio: 0.3446
2025-05-24 11:45:21,707 - utils.training - INFO - Batch 1650: GT fg ratio: 0.0563
2025-05-24 11:45:21,707 - utils.training - WARNING - Still predicting too much foreground! Ratio: 6.12x
2025-05-24 11:45:21,707 - utils.training - INFO - Total gradient norm: 0.0000
2025-05-24 11:45:21,960 - utils.training - INFO - Total gradient norm: 0.0000
2025-05-24 11:45:22,229 - utils.training - INFO - Total gradient norm: 0.0000
2025-05-24 11:45:22,496 - utils.training - INFO - Total gradient norm: 0.0000
2025-05-24 11:45:22,776 - utils.training - INFO - Total gradient norm: 0.0000
2025-05-24 11:45:23,037 - utils.training - INFO - Batch 1700: Raw fg ratio: 0.9607, Adaptive fg ratio: 0.2546
2025-05-24 11:45:23,038 - utils.training - INFO - Batch 1700: GT fg ratio: 0.4942
2025-05-24 11:45:23,038 - utils.training - INFO - Foreground ratio looks good! Pred/GT ratio: 0.52x
2025-05-24 11:45:23,038 - utils.training - INFO - Total gradient norm: 0.0000
2025-05-24 11:45:23,300 - utils.training - INFO - Total gradient norm: 0.0000
2025-05-24 11:45:23,557 - utils.training - INFO - Total gradient norm: 0.0000
2025-05-24 11:45:23,863 - utils.training - INFO - Total gradient norm: 0.0000
2025-05-24 11:45:24,138 - utils.training - INFO - Total gradient norm: 0.0000
2025-05-24 11:45:24,393 - utils.training - INFO - Batch 1750: Raw fg ratio: 0.9475, Adaptive fg ratio: 0.2310
2025-05-24 11:45:24,394 - utils.training - INFO - Batch 1750: GT fg ratio: 0.0443
2025-05-24 11:45:24,394 - utils.training - WARNING - Still predicting too much foreground! Ratio: 5.21x
2025-05-24 11:45:24,394 - utils.training - INFO - Total gradient norm: 0.0000
2025-05-24 11:45:24,669 - utils.training - INFO - Total gradient norm: 0.0000
2025-05-24 11:45:24,944 - utils.training - INFO - Total gradient norm: 0.0000
2025-05-24 11:45:25,222 - utils.training - INFO - Total gradient norm: 0.0000
2025-05-24 11:45:25,501 - utils.training - INFO - Total gradient norm: 0.0000
2025-05-24 11:45:25,800 - utils.training - INFO - Batch 1800: Raw fg ratio: 0.9273, Adaptive fg ratio: 0.2420
2025-05-24 11:45:25,801 - utils.training - INFO - Batch 1800: GT fg ratio: 0.0448
2025-05-24 11:45:25,801 - utils.training - WARNING - Still predicting too much foreground! Ratio: 5.40x
2025-05-24 11:45:25,801 - utils.training - INFO - Total gradient norm: 0.0000
2025-05-24 11:45:26,136 - utils.training - INFO - Total gradient norm: 0.0000
2025-05-24 11:45:26,413 - utils.training - INFO - Total gradient norm: 0.0000
2025-05-24 11:45:26,686 - utils.training - INFO - Total gradient norm: 0.0000
2025-05-24 11:45:26,979 - utils.training - INFO - Total gradient norm: 0.0000
2025-05-24 11:45:27,239 - utils.training - INFO - Batch 1850: Raw fg ratio: 0.9431, Adaptive fg ratio: 0.2777
2025-05-24 11:45:27,239 - utils.training - INFO - Batch 1850: GT fg ratio: 0.1023
2025-05-24 11:45:27,239 - utils.training - INFO - Foreground ratio looks good! Pred/GT ratio: 2.71x
2025-05-24 11:45:27,239 - utils.training - INFO - Total gradient norm: 0.0000
2025-05-24 11:45:27,554 - utils.training - INFO - Total gradient norm: 0.0000
2025-05-24 11:45:27,823 - utils.training - INFO - Total gradient norm: 0.0000
2025-05-24 11:45:28,118 - utils.training - INFO - Total gradient norm: 0.0000
2025-05-24 11:45:28,411 - utils.training - INFO - Total gradient norm: 0.0000
2025-05-24 11:45:28,712 - utils.training - INFO - Batch 1900: Raw fg ratio: 0.9634, Adaptive fg ratio: 0.3122
2025-05-24 11:45:28,713 - utils.training - INFO - Batch 1900: GT fg ratio: 0.0603
2025-05-24 11:45:28,713 - utils.training - WARNING - Still predicting too much foreground! Ratio: 5.18x
2025-05-24 11:45:28,713 - utils.training - INFO - Total gradient norm: 0.0000
2025-05-24 11:45:28,981 - utils.training - INFO - Total gradient norm: 0.0000
2025-05-24 11:45:29,254 - utils.training - INFO - Total gradient norm: 0.0000
2025-05-24 11:45:29,575 - utils.training - INFO - Total gradient norm: 0.0000
2025-05-24 11:45:29,854 - utils.training - INFO - Total gradient norm: 0.0000
2025-05-24 11:45:30,127 - utils.training - INFO - Batch 1950: Raw fg ratio: 0.9599, Adaptive fg ratio: 0.3545
2025-05-24 11:45:30,127 - utils.training - INFO - Batch 1950: GT fg ratio: 0.1455
2025-05-24 11:45:30,127 - utils.training - INFO - Foreground ratio looks good! Pred/GT ratio: 2.44x
2025-05-24 11:45:30,128 - utils.training - INFO - Total gradient norm: 0.0000
2025-05-24 11:45:30,394 - utils.training - INFO - Total gradient norm: 0.0000
2025-05-24 11:45:30,655 - utils.training - INFO - Total gradient norm: 0.0000
2025-05-24 11:45:30,927 - utils.training - INFO - Total gradient norm: 0.0000
2025-05-24 11:45:31,191 - utils.training - INFO - Total gradient norm: 0.0000
2025-05-24 11:45:31,455 - utils.training - INFO - Batch 2000: Raw fg ratio: 0.9532, Adaptive fg ratio: 0.3237
2025-05-24 11:45:31,455 - utils.training - INFO - Batch 2000: GT fg ratio: 0.5812
2025-05-24 11:45:31,455 - utils.training - INFO - Foreground ratio looks good! Pred/GT ratio: 0.56x
2025-05-24 11:45:31,456 - utils.training - INFO - Total gradient norm: 0.0000
2025-05-24 11:45:31,729 - utils.training - INFO - Total gradient norm: 0.0000
2025-05-24 11:45:32,009 - utils.training - INFO - Total gradient norm: 0.0000
2025-05-24 11:45:32,299 - utils.training - INFO - Total gradient norm: 0.0000
2025-05-24 11:45:32,602 - utils.training - INFO - Total gradient norm: 0.0000
2025-05-24 11:45:32,899 - utils.training - INFO - Batch 2050: Raw fg ratio: 0.9107, Adaptive fg ratio: 0.1907
2025-05-24 11:45:32,900 - utils.training - INFO - Batch 2050: GT fg ratio: 0.5147
2025-05-24 11:45:32,900 - utils.training - WARNING - Predicting too little foreground! Ratio: 0.37x
2025-05-24 11:45:32,900 - utils.training - INFO - Total gradient norm: 0.0000
2025-05-24 11:45:33,217 - utils.training - INFO - Total gradient norm: 0.0000
2025-05-24 11:45:33,544 - utils.training - INFO - Total gradient norm: 0.0000
2025-05-24 11:45:33,854 - utils.training - INFO - Total gradient norm: 0.0000
2025-05-24 11:45:34,130 - utils.training - INFO - Total gradient norm: 0.0000
2025-05-24 11:45:34,244 - utils.training - INFO - Epoch 0 training - Loss: 1.7726
