2025-05-23 22:29:08,746 - __main__ - INFO - Starting Mamba-based binary video segmentation training
2025-05-23 22:29:08,746 - __main__ - INFO - Using configuration from: configs/debug_binary.yaml
2025-05-23 22:29:08,753 - __main__ - INFO - Set random seed to 42
2025-05-23 22:29:08,984 - __main__ - INFO - Using device: cuda
2025-05-23 22:29:08,985 - __main__ - INFO - Building Mamba-based binary segmentation model...
2025-05-23 22:29:10,218 - __main__ - INFO - Model has 472,869 trainable parameters
2025-05-23 22:29:10,242 - __main__ - INFO - Creating data loaders...
2025-05-23 22:29:10,854 - __main__ - INFO - Created dataloaders - Train: 2094 batches, Val: 995 batches
2025-05-23 22:29:10,855 - __main__ - INFO - Creating optimizer: AdamW
2025-05-23 22:29:10,855 - __main__ - INFO - Created CosineAnnealingLR scheduler with 5 epochs of warmup
2025-05-23 22:29:10,904 - __main__ - INFO - Starting training loop...
2025-05-23 22:29:10,904 - utils.training - INFO - Starting training from epoch 0
2025-05-23 22:29:10,904 - utils.training - INFO - Results will be saved to: checkpoints/debug_binary/results
2025-05-23 22:29:11,395 - utils.training - INFO - Batch 0: Raw fg ratio: 0.9541, Adaptive fg ratio: 0.3453
2025-05-23 22:29:11,396 - utils.training - INFO - Batch 0: GT fg ratio: 0.1428
2025-05-23 22:29:11,396 - utils.training - INFO - Foreground ratio looks good! Pred/GT ratio: 2.42x
2025-05-23 22:29:11,424 - utils.training - INFO - Total gradient norm: 8.0196
2025-05-23 22:29:11,424 - utils.training - INFO - Gradient norm for temporal_smooth.weight: 7.2030
2025-05-23 22:29:11,425 - utils.training - INFO - Gradient norm for seg_head.1.bias: 2.2999
2025-05-23 22:29:11,425 - utils.training - INFO - Gradient norm for seg_head.1.weight: 1.8102
2025-05-23 22:29:11,425 - utils.training - INFO - Gradient norm for seg_head.3.weight: 1.4856
2025-05-23 22:29:11,425 - utils.training - INFO - Gradient norm for temporal_smooth.bias: 0.9636
2025-05-23 22:29:12,030 - utils.training - INFO - Total gradient norm: 0.0000
2025-05-23 22:29:12,277 - utils.training - INFO - Total gradient norm: 0.0000
2025-05-23 22:29:12,572 - utils.training - INFO - Total gradient norm: 0.0000
2025-05-23 22:29:12,847 - utils.training - INFO - Total gradient norm: 0.0000
2025-05-23 22:29:13,115 - utils.training - INFO - Batch 50: Raw fg ratio: 0.9455, Adaptive fg ratio: 0.3366
2025-05-23 22:29:13,116 - utils.training - INFO - Batch 50: GT fg ratio: 0.1414
2025-05-23 22:29:13,116 - utils.training - INFO - Foreground ratio looks good! Pred/GT ratio: 2.38x
2025-05-23 22:29:13,116 - utils.training - INFO - Total gradient norm: 0.0000
2025-05-23 22:29:13,411 - utils.training - INFO - Total gradient norm: 0.0000
2025-05-23 22:29:13,681 - utils.training - INFO - Total gradient norm: 0.0000
2025-05-23 22:29:13,977 - utils.training - INFO - Total gradient norm: 0.0000
2025-05-23 22:29:14,253 - utils.training - INFO - Total gradient norm: 0.0000
2025-05-23 22:29:14,567 - utils.training - INFO - Batch 100: Raw fg ratio: 0.9473, Adaptive fg ratio: 0.3694
2025-05-23 22:29:14,567 - utils.training - INFO - Batch 100: GT fg ratio: 0.1656
2025-05-23 22:29:14,567 - utils.training - INFO - Foreground ratio looks good! Pred/GT ratio: 2.23x
2025-05-23 22:29:14,568 - utils.training - INFO - Total gradient norm: 0.0000
2025-05-23 22:29:14,846 - utils.training - INFO - Total gradient norm: 0.0000
2025-05-23 22:29:15,132 - utils.training - INFO - Total gradient norm: 0.0000
2025-05-23 22:29:15,419 - utils.training - INFO - Total gradient norm: 0.0000
2025-05-23 22:29:15,671 - utils.training - INFO - Total gradient norm: 0.0000
2025-05-23 22:29:15,942 - utils.training - INFO - Batch 150: Raw fg ratio: 0.9115, Adaptive fg ratio: 0.1849
2025-05-23 22:29:15,943 - utils.training - INFO - Batch 150: GT fg ratio: 0.0266
2025-05-23 22:29:15,943 - utils.training - WARNING - Still predicting too much foreground! Ratio: 6.94x
2025-05-23 22:29:15,943 - utils.training - INFO - Total gradient norm: 0.0000
2025-05-23 22:29:16,230 - utils.training - INFO - Total gradient norm: 0.0000
2025-05-23 22:29:16,511 - utils.training - INFO - Total gradient norm: 0.0000
2025-05-23 22:29:16,805 - utils.training - INFO - Total gradient norm: 0.0000
2025-05-23 22:29:17,134 - utils.training - INFO - Total gradient norm: 0.0000
2025-05-23 22:29:17,422 - utils.training - INFO - Batch 200: Raw fg ratio: 0.7851, Adaptive fg ratio: 0.2216
2025-05-23 22:29:17,423 - utils.training - INFO - Batch 200: GT fg ratio: 0.1049
2025-05-23 22:29:17,423 - utils.training - INFO - Foreground ratio looks good! Pred/GT ratio: 2.11x
2025-05-23 22:29:17,423 - utils.training - INFO - Total gradient norm: 0.0000
2025-05-23 22:29:17,702 - utils.training - INFO - Total gradient norm: 0.0000
2025-05-23 22:29:17,978 - utils.training - INFO - Total gradient norm: 0.0000
2025-05-23 22:29:18,271 - utils.training - INFO - Total gradient norm: 0.0000
2025-05-23 22:29:18,545 - utils.training - INFO - Total gradient norm: 0.0000
2025-05-23 22:29:18,823 - utils.training - INFO - Batch 250: Raw fg ratio: 0.9492, Adaptive fg ratio: 0.3996
2025-05-23 22:29:18,824 - utils.training - INFO - Batch 250: GT fg ratio: 0.0435
2025-05-23 22:29:18,824 - utils.training - WARNING - Still predicting too much foreground! Ratio: 9.19x
2025-05-23 22:29:18,824 - utils.training - INFO - Total gradient norm: 0.0000
2025-05-23 22:29:19,153 - utils.training - INFO - Total gradient norm: 0.0000
2025-05-23 22:29:19,466 - utils.training - INFO - Total gradient norm: 0.0000
2025-05-23 22:29:19,827 - utils.training - INFO - Total gradient norm: 0.0000
2025-05-23 22:29:20,205 - utils.training - INFO - Total gradient norm: 0.0000
2025-05-23 22:29:20,576 - utils.training - INFO - Batch 300: Raw fg ratio: 0.9403, Adaptive fg ratio: 0.3844
2025-05-23 22:29:20,577 - utils.training - INFO - Batch 300: GT fg ratio: 0.0026
2025-05-23 22:29:20,577 - utils.training - WARNING - Still predicting too much foreground! Ratio: 149.09x
2025-05-23 22:29:20,577 - utils.training - INFO - Total gradient norm: 0.0000
2025-05-23 22:29:20,863 - utils.training - INFO - Total gradient norm: 0.0000
2025-05-23 22:29:21,132 - utils.training - INFO - Total gradient norm: 0.0000
2025-05-23 22:29:21,395 - utils.training - INFO - Total gradient norm: 0.0000
2025-05-23 22:29:21,684 - utils.training - INFO - Total gradient norm: 0.0000
2025-05-23 22:29:21,970 - utils.training - INFO - Batch 350: Raw fg ratio: 0.9459, Adaptive fg ratio: 0.3418
2025-05-23 22:29:21,970 - utils.training - INFO - Batch 350: GT fg ratio: 0.1743
2025-05-23 22:29:21,970 - utils.training - INFO - Foreground ratio looks good! Pred/GT ratio: 1.96x
2025-05-23 22:29:21,971 - utils.training - INFO - Total gradient norm: 0.0000
2025-05-23 22:29:22,266 - utils.training - INFO - Total gradient norm: 0.0000
2025-05-23 22:29:22,568 - utils.training - INFO - Total gradient norm: 0.0000
2025-05-23 22:29:22,875 - utils.training - INFO - Total gradient norm: 0.0000
2025-05-23 22:29:23,149 - utils.training - INFO - Total gradient norm: 0.0000
2025-05-23 22:29:23,432 - utils.training - INFO - Batch 400: Raw fg ratio: 0.9221, Adaptive fg ratio: 0.2935
2025-05-23 22:29:23,433 - utils.training - INFO - Batch 400: GT fg ratio: 0.0698
2025-05-23 22:29:23,433 - utils.training - WARNING - Still predicting too much foreground! Ratio: 4.21x
2025-05-23 22:29:23,433 - utils.training - INFO - Total gradient norm: 0.0000
2025-05-23 22:29:23,719 - utils.training - INFO - Total gradient norm: 0.0000
2025-05-23 22:29:24,025 - utils.training - INFO - Total gradient norm: 0.0000
2025-05-23 22:29:24,315 - utils.training - INFO - Total gradient norm: 0.0000
2025-05-23 22:29:24,571 - utils.training - INFO - Total gradient norm: 0.0000
2025-05-23 22:29:24,864 - utils.training - INFO - Batch 450: Raw fg ratio: 0.7926, Adaptive fg ratio: 0.1200
2025-05-23 22:29:24,864 - utils.training - INFO - Batch 450: GT fg ratio: 0.1378
2025-05-23 22:29:24,864 - utils.training - INFO - Foreground ratio looks good! Pred/GT ratio: 0.87x
2025-05-23 22:29:24,865 - utils.training - INFO - Total gradient norm: 0.0000
2025-05-23 22:29:25,147 - utils.training - INFO - Total gradient norm: 0.0000
2025-05-23 22:29:25,439 - utils.training - INFO - Total gradient norm: 0.0000
2025-05-23 22:29:25,761 - utils.training - INFO - Total gradient norm: 0.0000
2025-05-23 22:29:26,046 - utils.training - INFO - Total gradient norm: 0.0000
2025-05-23 22:29:26,331 - utils.training - INFO - Batch 500: Raw fg ratio: 0.9448, Adaptive fg ratio: 0.3405
2025-05-23 22:29:26,332 - utils.training - INFO - Batch 500: GT fg ratio: 0.0695
2025-05-23 22:29:26,332 - utils.training - WARNING - Still predicting too much foreground! Ratio: 4.90x
2025-05-23 22:29:26,332 - utils.training - INFO - Total gradient norm: 0.0000
2025-05-23 22:29:26,643 - utils.training - INFO - Total gradient norm: 0.0000
2025-05-23 22:29:26,945 - utils.training - INFO - Total gradient norm: 0.0000
2025-05-23 22:29:27,223 - utils.training - INFO - Total gradient norm: 0.0000
2025-05-23 22:29:27,527 - utils.training - INFO - Total gradient norm: 0.0000
2025-05-23 22:29:27,852 - utils.training - INFO - Batch 550: Raw fg ratio: 0.9476, Adaptive fg ratio: 0.3317
2025-05-23 22:29:27,852 - utils.training - INFO - Batch 550: GT fg ratio: 0.0589
2025-05-23 22:29:27,852 - utils.training - WARNING - Still predicting too much foreground! Ratio: 5.63x
2025-05-23 22:29:27,853 - utils.training - INFO - Total gradient norm: 0.0000
2025-05-23 22:29:28,133 - utils.training - INFO - Total gradient norm: 0.0000
2025-05-23 22:29:28,425 - utils.training - INFO - Total gradient norm: 0.0000
2025-05-23 22:29:28,755 - utils.training - INFO - Total gradient norm: 0.0000
2025-05-23 22:29:29,074 - utils.training - INFO - Total gradient norm: 0.0000
2025-05-23 22:29:29,401 - utils.training - INFO - Batch 600: Raw fg ratio: 0.8914, Adaptive fg ratio: 0.3058
2025-05-23 22:29:29,402 - utils.training - INFO - Batch 600: GT fg ratio: 0.1284
2025-05-23 22:29:29,402 - utils.training - INFO - Foreground ratio looks good! Pred/GT ratio: 2.38x
2025-05-23 22:29:29,403 - utils.training - INFO - Total gradient norm: 0.0000
2025-05-23 22:29:29,703 - utils.training - INFO - Total gradient norm: 0.0000
2025-05-23 22:29:30,000 - utils.training - INFO - Total gradient norm: 0.0000
2025-05-23 22:29:30,289 - utils.training - INFO - Total gradient norm: 0.0000
2025-05-23 22:29:30,585 - utils.training - INFO - Total gradient norm: 0.0000
2025-05-23 22:29:30,900 - utils.training - INFO - Batch 650: Raw fg ratio: 0.9572, Adaptive fg ratio: 0.3079
2025-05-23 22:29:30,901 - utils.training - INFO - Batch 650: GT fg ratio: 0.0225
2025-05-23 22:29:30,901 - utils.training - WARNING - Still predicting too much foreground! Ratio: 13.68x
2025-05-23 22:29:30,901 - utils.training - INFO - Total gradient norm: 0.0000
2025-05-23 22:29:31,200 - utils.training - INFO - Total gradient norm: 0.0000
2025-05-23 22:29:31,499 - utils.training - INFO - Total gradient norm: 0.0000
2025-05-23 22:29:31,823 - utils.training - INFO - Total gradient norm: 0.0000
2025-05-23 22:29:32,136 - utils.training - INFO - Total gradient norm: 0.0000
2025-05-23 22:29:32,441 - utils.training - INFO - Batch 700: Raw fg ratio: 0.9369, Adaptive fg ratio: 0.2908
2025-05-23 22:29:32,442 - utils.training - INFO - Batch 700: GT fg ratio: 0.2753
2025-05-23 22:29:32,442 - utils.training - INFO - Foreground ratio looks good! Pred/GT ratio: 1.06x
2025-05-23 22:29:32,442 - utils.training - INFO - Total gradient norm: 0.0000
2025-05-23 22:29:32,750 - utils.training - INFO - Total gradient norm: 0.0000
2025-05-23 22:29:33,075 - utils.training - INFO - Total gradient norm: 0.0000
2025-05-23 22:29:33,393 - utils.training - INFO - Total gradient norm: 0.0000
2025-05-23 22:29:33,666 - utils.training - INFO - Total gradient norm: 0.0000
2025-05-23 22:29:33,931 - utils.training - INFO - Batch 750: Raw fg ratio: 0.9344, Adaptive fg ratio: 0.2111
2025-05-23 22:29:33,931 - utils.training - INFO - Batch 750: GT fg ratio: 0.5207
2025-05-23 22:29:33,931 - utils.training - WARNING - Predicting too little foreground! Ratio: 0.41x
2025-05-23 22:29:33,932 - utils.training - INFO - Total gradient norm: 0.0000
2025-05-23 22:29:34,211 - utils.training - INFO - Total gradient norm: 0.0000
2025-05-23 22:29:34,464 - utils.training - INFO - Total gradient norm: 0.0000
2025-05-23 22:29:34,730 - utils.training - INFO - Total gradient norm: 0.0000
2025-05-23 22:29:35,014 - utils.training - INFO - Total gradient norm: 0.0000
2025-05-23 22:29:35,292 - utils.training - INFO - Batch 800: Raw fg ratio: 0.9504, Adaptive fg ratio: 0.3525
2025-05-23 22:29:35,292 - utils.training - INFO - Batch 800: GT fg ratio: 0.1614
2025-05-23 22:29:35,293 - utils.training - INFO - Foreground ratio looks good! Pred/GT ratio: 2.18x
2025-05-23 22:29:35,293 - utils.training - INFO - Total gradient norm: 0.0000
2025-05-23 22:29:35,565 - utils.training - INFO - Total gradient norm: 0.0000
2025-05-23 22:29:35,817 - utils.training - INFO - Total gradient norm: 0.0000
2025-05-23 22:29:36,133 - utils.training - INFO - Total gradient norm: 0.0000
2025-05-23 22:29:36,424 - utils.training - INFO - Total gradient norm: 0.0000
2025-05-23 22:29:36,727 - utils.training - INFO - Batch 850: Raw fg ratio: 0.9473, Adaptive fg ratio: 0.2612
2025-05-23 22:29:36,727 - utils.training - INFO - Batch 850: GT fg ratio: 0.6253
2025-05-23 22:29:36,728 - utils.training - WARNING - Predicting too little foreground! Ratio: 0.42x
2025-05-23 22:29:36,728 - utils.training - INFO - Total gradient norm: 0.0000
2025-05-23 22:29:37,004 - utils.training - INFO - Total gradient norm: 0.0000
2025-05-23 22:29:37,293 - utils.training - INFO - Total gradient norm: 0.0000
2025-05-23 22:29:37,551 - utils.training - INFO - Total gradient norm: 0.0000
2025-05-23 22:29:37,827 - utils.training - INFO - Total gradient norm: 0.0000
2025-05-23 22:29:38,123 - utils.training - INFO - Batch 900: Raw fg ratio: 0.9511, Adaptive fg ratio: 0.1953
2025-05-23 22:29:38,123 - utils.training - INFO - Batch 900: GT fg ratio: 0.7491
2025-05-23 22:29:38,124 - utils.training - WARNING - Predicting too little foreground! Ratio: 0.26x
2025-05-23 22:29:38,124 - utils.training - INFO - Total gradient norm: 0.0000
2025-05-23 22:29:38,405 - utils.training - INFO - Total gradient norm: 0.0000
2025-05-23 22:29:38,682 - utils.training - INFO - Total gradient norm: 0.0000
2025-05-23 22:29:38,982 - utils.training - INFO - Total gradient norm: 0.0000
2025-05-23 22:29:39,285 - utils.training - INFO - Total gradient norm: 0.0000
2025-05-23 22:29:39,598 - utils.training - INFO - Batch 950: Raw fg ratio: 0.9636, Adaptive fg ratio: 0.3807
2025-05-23 22:29:39,598 - utils.training - INFO - Batch 950: GT fg ratio: 0.0541
2025-05-23 22:29:39,599 - utils.training - WARNING - Still predicting too much foreground! Ratio: 7.04x
2025-05-23 22:29:39,599 - utils.training - INFO - Total gradient norm: 0.0000
2025-05-23 22:29:39,900 - utils.training - INFO - Total gradient norm: 0.0000
2025-05-23 22:29:40,205 - utils.training - INFO - Total gradient norm: 0.0000
2025-05-23 22:29:40,475 - utils.training - INFO - Total gradient norm: 0.0000
2025-05-23 22:29:40,745 - utils.training - INFO - Total gradient norm: 0.0000
2025-05-23 22:29:41,031 - utils.training - INFO - Batch 1000: Raw fg ratio: 0.9102, Adaptive fg ratio: 0.2108
2025-05-23 22:29:41,031 - utils.training - INFO - Batch 1000: GT fg ratio: 0.1527
2025-05-23 22:29:41,032 - utils.training - INFO - Foreground ratio looks good! Pred/GT ratio: 1.38x
2025-05-23 22:29:41,032 - utils.training - INFO - Total gradient norm: 0.0000
2025-05-23 22:29:41,345 - utils.training - INFO - Total gradient norm: 0.0000
2025-05-23 22:29:41,608 - utils.training - INFO - Total gradient norm: 0.0000
2025-05-23 22:29:41,887 - utils.training - INFO - Total gradient norm: 0.0000
2025-05-23 22:29:42,175 - utils.training - INFO - Total gradient norm: 0.0000
2025-05-23 22:29:42,466 - utils.training - INFO - Batch 1050: Raw fg ratio: 0.9388, Adaptive fg ratio: 0.1546
2025-05-23 22:29:42,467 - utils.training - INFO - Batch 1050: GT fg ratio: 0.0264
2025-05-23 22:29:42,467 - utils.training - WARNING - Still predicting too much foreground! Ratio: 5.85x
2025-05-23 22:29:42,467 - utils.training - INFO - Total gradient norm: 0.0000
2025-05-23 22:29:42,748 - utils.training - INFO - Total gradient norm: 0.0000
2025-05-23 22:29:43,029 - utils.training - INFO - Total gradient norm: 0.0000
2025-05-23 22:29:43,286 - utils.training - INFO - Total gradient norm: 0.0000
2025-05-23 22:29:43,595 - utils.training - INFO - Total gradient norm: 0.0000
2025-05-23 22:29:43,877 - utils.training - INFO - Batch 1100: Raw fg ratio: 0.9463, Adaptive fg ratio: 0.3578
2025-05-23 22:29:43,878 - utils.training - INFO - Batch 1100: GT fg ratio: 0.0660
2025-05-23 22:29:43,878 - utils.training - WARNING - Still predicting too much foreground! Ratio: 5.42x
2025-05-23 22:29:43,878 - utils.training - INFO - Total gradient norm: 0.0000
2025-05-23 22:29:44,192 - utils.training - INFO - Total gradient norm: 0.0000
2025-05-23 22:29:44,466 - utils.training - INFO - Total gradient norm: 0.0000
2025-05-23 22:29:44,762 - utils.training - INFO - Total gradient norm: 0.0000
2025-05-23 22:29:45,031 - utils.training - INFO - Total gradient norm: 0.0000
2025-05-23 22:29:45,318 - utils.training - INFO - Batch 1150: Raw fg ratio: 0.9748, Adaptive fg ratio: 0.3755
2025-05-23 22:29:45,318 - utils.training - INFO - Batch 1150: GT fg ratio: 0.0399
2025-05-23 22:29:45,318 - utils.training - WARNING - Still predicting too much foreground! Ratio: 9.41x
2025-05-23 22:29:45,319 - utils.training - INFO - Total gradient norm: 0.0000
2025-05-23 22:29:45,608 - utils.training - INFO - Total gradient norm: 0.0000
2025-05-23 22:29:45,905 - utils.training - INFO - Total gradient norm: 0.0000
2025-05-23 22:29:46,198 - utils.training - INFO - Total gradient norm: 0.0000
2025-05-23 22:29:46,478 - utils.training - INFO - Total gradient norm: 0.0000
2025-05-23 22:29:46,759 - utils.training - INFO - Batch 1200: Raw fg ratio: 0.8210, Adaptive fg ratio: 0.2010
2025-05-23 22:29:46,760 - utils.training - INFO - Batch 1200: GT fg ratio: 0.1007
2025-05-23 22:29:46,760 - utils.training - INFO - Foreground ratio looks good! Pred/GT ratio: 2.00x
2025-05-23 22:29:46,760 - utils.training - INFO - Total gradient norm: 0.0000
2025-05-23 22:29:47,023 - utils.training - INFO - Total gradient norm: 0.0000
2025-05-23 22:29:47,311 - utils.training - INFO - Total gradient norm: 0.0000
2025-05-23 22:29:47,604 - utils.training - INFO - Total gradient norm: 0.0000
2025-05-23 22:29:47,918 - utils.training - INFO - Total gradient norm: 0.0000
2025-05-23 22:29:48,181 - utils.training - INFO - Batch 1250: Raw fg ratio: 0.8530, Adaptive fg ratio: 0.1507
2025-05-23 22:29:48,181 - utils.training - INFO - Batch 1250: GT fg ratio: 0.0133
2025-05-23 22:29:48,181 - utils.training - WARNING - Still predicting too much foreground! Ratio: 11.34x
2025-05-23 22:29:48,182 - utils.training - INFO - Total gradient norm: 0.0000
2025-05-23 22:29:48,475 - utils.training - INFO - Total gradient norm: 0.0000
2025-05-23 22:29:48,783 - utils.training - INFO - Total gradient norm: 0.0000
2025-05-23 22:29:49,067 - utils.training - INFO - Total gradient norm: 0.0000
2025-05-23 22:29:49,361 - utils.training - INFO - Total gradient norm: 0.0000
2025-05-23 22:29:49,660 - utils.training - INFO - Batch 1300: Raw fg ratio: 0.8911, Adaptive fg ratio: 0.1429
2025-05-23 22:29:49,660 - utils.training - INFO - Batch 1300: GT fg ratio: 0.0211
2025-05-23 22:29:49,660 - utils.training - WARNING - Still predicting too much foreground! Ratio: 6.77x
2025-05-23 22:29:49,660 - utils.training - INFO - Total gradient norm: 0.0000
2025-05-23 22:29:49,940 - utils.training - INFO - Total gradient norm: 0.0000
2025-05-23 22:29:50,201 - utils.training - INFO - Total gradient norm: 0.0000
2025-05-23 22:29:50,517 - utils.training - INFO - Total gradient norm: 0.0000
2025-05-23 22:29:50,775 - utils.training - INFO - Total gradient norm: 0.0000
2025-05-23 22:29:51,066 - utils.training - INFO - Batch 1350: Raw fg ratio: 0.9592, Adaptive fg ratio: 0.3470
2025-05-23 22:29:51,067 - utils.training - INFO - Batch 1350: GT fg ratio: 0.0774
2025-05-23 22:29:51,067 - utils.training - WARNING - Still predicting too much foreground! Ratio: 4.48x
2025-05-23 22:29:51,068 - utils.training - INFO - Total gradient norm: 0.0000
2025-05-23 22:29:51,406 - utils.training - INFO - Total gradient norm: 0.0000
2025-05-23 22:29:51,693 - utils.training - INFO - Total gradient norm: 0.0000
2025-05-23 22:29:52,046 - utils.training - INFO - Total gradient norm: 0.0000
2025-05-23 22:29:52,352 - utils.training - INFO - Total gradient norm: 0.0000
2025-05-23 22:29:52,661 - utils.training - INFO - Batch 1400: Raw fg ratio: 0.9461, Adaptive fg ratio: 0.2478
2025-05-23 22:29:52,662 - utils.training - INFO - Batch 1400: GT fg ratio: 0.1739
2025-05-23 22:29:52,662 - utils.training - INFO - Foreground ratio looks good! Pred/GT ratio: 1.42x
2025-05-23 22:29:52,662 - utils.training - INFO - Total gradient norm: 0.0000
2025-05-23 22:29:52,947 - utils.training - INFO - Total gradient norm: 0.0000
2025-05-23 22:29:53,258 - utils.training - INFO - Total gradient norm: 0.0000
2025-05-23 22:29:53,547 - utils.training - INFO - Total gradient norm: 0.0000
2025-05-23 22:29:53,824 - utils.training - INFO - Total gradient norm: 0.0000
2025-05-23 22:29:54,110 - utils.training - INFO - Batch 1450: Raw fg ratio: 0.9629, Adaptive fg ratio: 0.3549
2025-05-23 22:29:54,110 - utils.training - INFO - Batch 1450: GT fg ratio: 0.4536
2025-05-23 22:29:54,111 - utils.training - INFO - Foreground ratio looks good! Pred/GT ratio: 0.78x
2025-05-23 22:29:54,111 - utils.training - INFO - Total gradient norm: 0.0000
2025-05-23 22:29:54,401 - utils.training - INFO - Total gradient norm: 0.0000
2025-05-23 22:29:54,670 - utils.training - INFO - Total gradient norm: 0.0000
2025-05-23 22:29:54,942 - utils.training - INFO - Total gradient norm: 0.0000
2025-05-23 22:29:55,218 - utils.training - INFO - Total gradient norm: 0.0000
2025-05-23 22:29:55,496 - utils.training - INFO - Batch 1500: Raw fg ratio: 0.9624, Adaptive fg ratio: 0.3489
2025-05-23 22:29:55,497 - utils.training - INFO - Batch 1500: GT fg ratio: 0.0539
2025-05-23 22:29:55,497 - utils.training - WARNING - Still predicting too much foreground! Ratio: 6.48x
2025-05-23 22:29:55,498 - utils.training - INFO - Total gradient norm: 0.0000
2025-05-23 22:29:55,803 - utils.training - INFO - Total gradient norm: 0.0000
2025-05-23 22:29:56,088 - utils.training - INFO - Total gradient norm: 0.0000
2025-05-23 22:29:56,390 - utils.training - INFO - Total gradient norm: 0.0000
2025-05-23 22:29:56,702 - utils.training - INFO - Total gradient norm: 0.0000
2025-05-23 22:29:57,018 - utils.training - INFO - Batch 1550: Raw fg ratio: 0.9543, Adaptive fg ratio: 0.2985
2025-05-23 22:29:57,019 - utils.training - INFO - Batch 1550: GT fg ratio: 0.0564
2025-05-23 22:29:57,019 - utils.training - WARNING - Still predicting too much foreground! Ratio: 5.30x
2025-05-23 22:29:57,019 - utils.training - INFO - Total gradient norm: 0.0000
2025-05-23 22:29:57,313 - utils.training - INFO - Total gradient norm: 0.0000
2025-05-23 22:29:57,600 - utils.training - INFO - Total gradient norm: 0.0000
2025-05-23 22:29:57,923 - utils.training - INFO - Total gradient norm: 0.0000
2025-05-23 22:29:58,237 - utils.training - INFO - Total gradient norm: 0.0000
2025-05-23 22:29:58,557 - utils.training - INFO - Batch 1600: Raw fg ratio: 0.9451, Adaptive fg ratio: 0.3033
2025-05-23 22:29:58,557 - utils.training - INFO - Batch 1600: GT fg ratio: 0.0542
2025-05-23 22:29:58,557 - utils.training - WARNING - Still predicting too much foreground! Ratio: 5.59x
2025-05-23 22:29:58,557 - utils.training - INFO - Total gradient norm: 0.0000
2025-05-23 22:29:58,859 - utils.training - INFO - Total gradient norm: 0.0000
2025-05-23 22:29:59,140 - utils.training - INFO - Total gradient norm: 0.0000
2025-05-23 22:29:59,435 - utils.training - INFO - Total gradient norm: 0.0000
2025-05-23 22:29:59,737 - utils.training - INFO - Total gradient norm: 0.0000
2025-05-23 22:30:00,081 - utils.training - INFO - Batch 1650: Raw fg ratio: 0.9638, Adaptive fg ratio: 0.3444
2025-05-23 22:30:00,082 - utils.training - INFO - Batch 1650: GT fg ratio: 0.0563
2025-05-23 22:30:00,082 - utils.training - WARNING - Still predicting too much foreground! Ratio: 6.11x
2025-05-23 22:30:00,082 - utils.training - INFO - Total gradient norm: 0.0000
2025-05-23 22:30:00,397 - utils.training - INFO - Total gradient norm: 0.0000
2025-05-23 22:30:00,706 - utils.training - INFO - Total gradient norm: 0.0000
2025-05-23 22:30:00,977 - utils.training - INFO - Total gradient norm: 0.0000
2025-05-23 22:30:01,227 - utils.training - INFO - Total gradient norm: 0.0000
2025-05-23 22:30:01,536 - utils.training - INFO - Batch 1700: Raw fg ratio: 0.9609, Adaptive fg ratio: 0.2549
2025-05-23 22:30:01,536 - utils.training - INFO - Batch 1700: GT fg ratio: 0.4942
2025-05-23 22:30:01,536 - utils.training - INFO - Foreground ratio looks good! Pred/GT ratio: 0.52x
2025-05-23 22:30:01,537 - utils.training - INFO - Total gradient norm: 0.0000
2025-05-23 22:30:01,837 - utils.training - INFO - Total gradient norm: 0.0000
2025-05-23 22:30:02,153 - utils.training - INFO - Total gradient norm: 0.0000
2025-05-23 22:30:02,414 - utils.training - INFO - Total gradient norm: 0.0000
2025-05-23 22:30:02,721 - utils.training - INFO - Total gradient norm: 0.0000
2025-05-23 22:30:03,045 - utils.training - INFO - Batch 1750: Raw fg ratio: 0.9475, Adaptive fg ratio: 0.2311
2025-05-23 22:30:03,046 - utils.training - INFO - Batch 1750: GT fg ratio: 0.0443
2025-05-23 22:30:03,046 - utils.training - WARNING - Still predicting too much foreground! Ratio: 5.21x
2025-05-23 22:30:03,046 - utils.training - INFO - Total gradient norm: 0.0000
2025-05-23 22:30:03,369 - utils.training - INFO - Total gradient norm: 0.0000
2025-05-23 22:30:03,633 - utils.training - INFO - Total gradient norm: 0.0000
2025-05-23 22:30:03,927 - utils.training - INFO - Total gradient norm: 0.0000
2025-05-23 22:30:04,195 - utils.training - INFO - Total gradient norm: 0.0000
2025-05-23 22:30:04,469 - utils.training - INFO - Batch 1800: Raw fg ratio: 0.9275, Adaptive fg ratio: 0.2418
2025-05-23 22:30:04,469 - utils.training - INFO - Batch 1800: GT fg ratio: 0.0448
2025-05-23 22:30:04,469 - utils.training - WARNING - Still predicting too much foreground! Ratio: 5.40x
2025-05-23 22:30:04,470 - utils.training - INFO - Total gradient norm: 0.0000
2025-05-23 22:30:04,737 - utils.training - INFO - Total gradient norm: 0.0000
2025-05-23 22:30:05,022 - utils.training - INFO - Total gradient norm: 0.0000
2025-05-23 22:30:05,312 - utils.training - INFO - Total gradient norm: 0.0000
2025-05-23 22:30:05,576 - utils.training - INFO - Total gradient norm: 0.0000
2025-05-23 22:30:05,852 - utils.training - INFO - Batch 1850: Raw fg ratio: 0.9431, Adaptive fg ratio: 0.2778
2025-05-23 22:30:05,853 - utils.training - INFO - Batch 1850: GT fg ratio: 0.1023
2025-05-23 22:30:05,853 - utils.training - INFO - Foreground ratio looks good! Pred/GT ratio: 2.72x
2025-05-23 22:30:05,853 - utils.training - INFO - Total gradient norm: 0.0000
2025-05-23 22:30:06,156 - utils.training - INFO - Total gradient norm: 0.0000
2025-05-23 22:30:06,440 - utils.training - INFO - Total gradient norm: 0.0000
2025-05-23 22:30:06,743 - utils.training - INFO - Total gradient norm: 0.0000
2025-05-23 22:30:07,068 - utils.training - INFO - Total gradient norm: 0.0000
2025-05-23 22:30:07,358 - utils.training - INFO - Batch 1900: Raw fg ratio: 0.9634, Adaptive fg ratio: 0.3121
2025-05-23 22:30:07,359 - utils.training - INFO - Batch 1900: GT fg ratio: 0.0603
2025-05-23 22:30:07,359 - utils.training - WARNING - Still predicting too much foreground! Ratio: 5.18x
2025-05-23 22:30:07,360 - utils.training - INFO - Total gradient norm: 0.0000
2025-05-23 22:30:07,681 - utils.training - INFO - Total gradient norm: 0.0000
2025-05-23 22:30:07,994 - utils.training - INFO - Total gradient norm: 0.0000
2025-05-23 22:30:08,273 - utils.training - INFO - Total gradient norm: 0.0000
2025-05-23 22:30:08,604 - utils.training - INFO - Total gradient norm: 0.0000
2025-05-23 22:30:08,908 - utils.training - INFO - Batch 1950: Raw fg ratio: 0.9599, Adaptive fg ratio: 0.3545
2025-05-23 22:30:08,908 - utils.training - INFO - Batch 1950: GT fg ratio: 0.1455
2025-05-23 22:30:08,908 - utils.training - INFO - Foreground ratio looks good! Pred/GT ratio: 2.44x
2025-05-23 22:30:08,909 - utils.training - INFO - Total gradient norm: 0.0000
2025-05-23 22:30:09,255 - utils.training - INFO - Total gradient norm: 0.0000
2025-05-23 22:30:09,588 - utils.training - INFO - Total gradient norm: 0.0000
2025-05-23 22:30:09,874 - utils.training - INFO - Total gradient norm: 0.0000
2025-05-23 22:30:10,149 - utils.training - INFO - Total gradient norm: 0.0000
2025-05-23 22:30:10,464 - utils.training - INFO - Batch 2000: Raw fg ratio: 0.9533, Adaptive fg ratio: 0.3235
2025-05-23 22:30:10,464 - utils.training - INFO - Batch 2000: GT fg ratio: 0.5812
2025-05-23 22:30:10,465 - utils.training - INFO - Foreground ratio looks good! Pred/GT ratio: 0.56x
2025-05-23 22:30:10,465 - utils.training - INFO - Total gradient norm: 0.0000
2025-05-23 22:30:10,791 - utils.training - INFO - Total gradient norm: 0.0000
2025-05-23 22:30:11,090 - utils.training - INFO - Total gradient norm: 0.0000
2025-05-23 22:30:11,401 - utils.training - INFO - Total gradient norm: 0.0000
2025-05-23 22:30:11,734 - utils.training - INFO - Total gradient norm: 0.0000
2025-05-23 22:30:12,054 - utils.training - INFO - Batch 2050: Raw fg ratio: 0.9107, Adaptive fg ratio: 0.1909
2025-05-23 22:30:12,055 - utils.training - INFO - Batch 2050: GT fg ratio: 0.5147
2025-05-23 22:30:12,055 - utils.training - WARNING - Predicting too little foreground! Ratio: 0.37x
2025-05-23 22:30:12,055 - utils.training - INFO - Total gradient norm: 0.0000
2025-05-23 22:30:12,365 - utils.training - INFO - Total gradient norm: 0.0000
2025-05-23 22:30:12,651 - utils.training - INFO - Total gradient norm: 0.0000
2025-05-23 22:30:12,934 - utils.training - INFO - Total gradient norm: 0.0000
2025-05-23 22:30:13,194 - utils.training - INFO - Total gradient norm: 0.0000
2025-05-23 22:30:13,279 - utils.training - INFO - Epoch 0 training - Loss: 1.7726
